=================================================================================================
Running QEMU with RISC-V with self built opensbi + self built linux
=================================================================================================
Boot command:

./qemu-system-riscv64 -nographic -machine virt -kernel ../linux/arch/riscv/boot/Image -append "root=/dev/vda ro console=ttyS0" -drive file=linux_rootfs.img,format=raw,id=hd0 -device virtio-blk-device,drive=hd0 -bios opensbi/build/platform/generic/firmware/fw_jump.bin -M virt -m 256M
=================================================================================================
Boot Console output:

OpenSBI v0.9
   ____                    _____ ____ _____
  / __ \                  / ____|  _ \_   _|
 | |  | |_ __   ___ _ __ | (___ | |_) || |
 | |  | | '_ \ / _ \ '_ \ \___ \|  _ < | |
 | |__| | |_) |  __/ | | |____) | |_) || |_
  \____/| .__/ \___|_| |_|_____/|____/_____|
        | |
        |_|

Platform Name             : riscv-virtio,qemu
Platform Features         : timer,mfdeleg
Platform HART Count       : 1
Firmware Base             : 0x80000000
Firmware Size             : 100 KB
Runtime SBI Version       : 0.3

Domain0 Name              : root
Domain0 Boot HART         : 0
Domain0 HARTs             : 0*
Domain0 Region00          : 0x0000000002000000-0x000000000200ffff (I)
Domain0 Region01          : 0x0000000080000000-0x000000008001ffff ()
Domain0 Region02          : 0x0000000000000000-0xffffffffffffffff (R,W,X)
Domain0 Next Address      : 0x0000000080200000
Domain0 Next Arg1         : 0x0000000082200000
Domain0 Next Mode         : S-mode
Domain0 SysReset          : yes

Boot HART ID              : 0
Boot HART Domain          : root
Boot HART ISA             : rv64imafdcsu
Boot HART Features        : scounteren,mcounteren
Boot HART PMP Count       : 16
Boot HART PMP Granularity : 4
Boot HART PMP Address Bits: 54
Boot HART MHPM Count      : 0
Boot HART MHPM Count      : 0
Boot HART MIDELEG         : 0x0000000000000222
Boot HART MEDELEG         : 0x000000000000b109
[    0.000000] Linux version 5.12.0-rc8 (abc@abc) (riscv64-linux-gcc.br_real (Buildroot 2018.11-rc2-00003-ga0787e9) 8.2.0, GNU ld (GNU Binutils) 2.31.1) #2 SMP Mon Apr 19 15:15:41 +08 2021
[    0.000000] OF: fdt: Ignoring memory range 0x80000000 - 0x80200000
[    0.000000] Machine model: riscv-virtio,qemu
[    0.000000] efi: UEFI not found.
[    0.000000] Zone ranges:
[    0.000000]   DMA32    [mem 0x0000000080200000-0x000000008fffffff]
[    0.000000]   Normal   empty
[    0.000000] Movable zone start for each node
[    0.000000] Early memory node ranges
[    0.000000]   node   0: [mem 0x0000000080200000-0x000000008fffffff]
[    0.000000] Initmem setup node 0 [mem 0x0000000080200000-0x000000008fffffff]
[    0.000000] SBI specification v0.3 detected
[    0.000000] SBI implementation ID=0x1 Version=0x9
[    0.000000] SBI v0.2 TIME extension detected
[    0.000000] SBI v0.2 IPI extension detected
[    0.000000] SBI v0.2 RFENCE extension detected
[    0.000000] software IO TLB: mapped [mem 0x000000008bc7a000-0x000000008fc7a000] (64MB)
[    0.000000] SBI v0.2 HSM extension detected
[    0.000000] riscv: ISA extensions acdfimsu
[    0.000000] riscv: ELF capabilities acdfim
[    0.000000] percpu: Embedded 17 pages/cpu s32680 r8192 d28760 u69632
[    0.000000] Built 1 zonelists, mobility grouping on.  Total pages: 64135
[    0.000000] Kernel command line: root=/dev/vda ro console=ttyS0
[    0.000000] Dentry cache hash table entries: 32768 (order: 6, 262144 bytes, linear)
[    0.000000] Inode-cache hash table entries: 16384 (order: 5, 131072 bytes, linear)
[    0.000000] Sorting __ex_table...
[    0.000000] mem auto-init: stack:off, heap alloc:off, heap free:off
[    0.000000] Memory: 170192K/260096K available (7054K kernel code, 4909K rwdata, 4096K rodata, 2147K init, 306K bss, 89904K reserved, 0K cma-reserved)
[    0.000000] Virtual kernel memory layout:
[    0.000000]       fixmap : 0xffffffcefee00000 - 0xffffffceff000000   (2048 kB)
[    0.000000]       pci io : 0xffffffceff000000 - 0xffffffcf00000000   (  16 MB)
[    0.000000]      vmemmap : 0xffffffcf00000000 - 0xffffffcfffffffff   (4095 MB)
[    0.000000]      vmalloc : 0xffffffd000000000 - 0xffffffdfffffffff   (65535 MB)
[    0.000000]       lowmem : 0xffffffe000000000 - 0xffffffe00fe00000   ( 254 MB)
[    0.000000] SLUB: HWalign=64, Order=0-3, MinObjects=0, CPUs=1, Nodes=1
[    0.000000] rcu: Hierarchical RCU implementation.
[    0.000000] rcu: 	RCU restricting CPUs from NR_CPUS=8 to nr_cpu_ids=1.
[    0.000000] rcu: 	RCU debug extended QS entry/exit.
[    0.000000] 	Tracing variant of Tasks RCU enabled.
[    0.000000] rcu: RCU calculated value of scheduler-enlistment delay is 25 jiffies.
[    0.000000] rcu: Adjusting geometry for rcu_fanout_leaf=16, nr_cpu_ids=1
[    0.000000] NR_IRQS: 64, nr_irqs: 64, preallocated irqs: 0
[    0.000000] riscv-intc: 64 local interrupts mapped
[    0.000000] plic: interrupt-controller@c000000: mapped 53 interrupts with 1 handlers for 2 contexts.
[    0.000000] random: get_random_bytes called from start_kernel+0x330/0x4b4 with crng_init=0
[    0.000000] riscv_timer_init_dt: Registering clocksource cpuid [0] hartid [0]
[    0.000000] clocksource: riscv_clocksource: mask: 0xffffffffffffffff max_cycles: 0x24e6a1710, max_idle_ns: 440795202120 ns
[    0.000102] sched_clock: 64 bits at 10MHz, resolution 100ns, wraps every 4398046511100ns
[    0.003321] Console: colour dummy device 80x25
[    0.007454] Calibrating delay loop (skipped), value calculated using timer frequency.. 20.00 BogoMIPS (lpj=40000)
[    0.007656] pid_max: default: 32768 minimum: 301
[    0.008764] Mount-cache hash table entries: 512 (order: 0, 4096 bytes, linear)
[    0.008838] Mountpoint-cache hash table entries: 512 (order: 0, 4096 bytes, linear)
[    0.035891] ASID allocator using 16 bits (65536 entries)
[    0.037358] rcu: Hierarchical SRCU implementation.
[    0.039597] EFI services will not be available.
[    0.042527] smp: Bringing up secondary CPUs ...
[    0.042651] smp: Brought up 1 node, 1 CPU
[    0.051699] devtmpfs: initialized
[    0.058882] clocksource: jiffies: mask: 0xffffffff max_cycles: 0xffffffff, max_idle_ns: 7645041785100000 ns
[    0.059220] futex hash table entries: 256 (order: 2, 16384 bytes, linear)
[    0.064402] NET: Registered protocol family 16
[    0.122238] vgaarb: loaded
[    0.123389] SCSI subsystem initialized
[    0.125954] usbcore: registered new interface driver usbfs
[    0.126293] usbcore: registered new interface driver hub
[    0.126515] usbcore: registered new device driver usb
[    0.137458] clocksource: Switched to clocksource riscv_clocksource
[    0.164855] NET: Registered protocol family 2
[    0.169492] tcp_listen_portaddr_hash hash table entries: 128 (order: 0, 5120 bytes, linear)
[    0.169659] TCP established hash table entries: 2048 (order: 2, 16384 bytes, linear)
[    0.169890] TCP bind hash table entries: 2048 (order: 4, 65536 bytes, linear)
[    0.170098] TCP: Hash tables configured (established 2048 bind 2048)
[    0.171309] UDP hash table entries: 256 (order: 2, 24576 bytes, linear)
[    0.171674] UDP-Lite hash table entries: 256 (order: 2, 24576 bytes, linear)
[    0.173317] NET: Registered protocol family 1
[    0.177686] RPC: Registered named UNIX socket transport module.
[    0.177827] RPC: Registered udp transport module.
[    0.177886] RPC: Registered tcp transport module.
[    0.177933] RPC: Registered tcp NFSv4.1 backchannel transport module.
[    0.178071] PCI: CLS 0 bytes, default 64
[    0.183597] workingset: timestamp_bits=62 max_order=16 bucket_order=0
[    0.197027] NFS: Registering the id_resolver key type
[    0.198086] Key type id_resolver registered
[    0.198170] Key type id_legacy registered
[    0.198553] nfs4filelayout_init: NFSv4 File Layout Driver Registering...
[    0.198681] nfs4flexfilelayout_init: NFSv4 Flexfile Layout Driver Registering...
[    0.199527] 9p: Installing v9fs 9p2000 file system support
[    0.200789] NET: Registered protocol family 38
[    0.201352] Block layer SCSI generic (bsg) driver version 0.4 loaded (major 251)
[    0.201501] io scheduler mq-deadline registered
[    0.201624] io scheduler kyber registered
[    0.208752] pci-host-generic 30000000.pci: host bridge /soc/pci@30000000 ranges:
[    0.209755] pci-host-generic 30000000.pci:       IO 0x0003000000..0x000300ffff -> 0x0000000000
[    0.210184] pci-host-generic 30000000.pci:      MEM 0x0040000000..0x007fffffff -> 0x0040000000
[    0.211739] pci-host-generic 30000000.pci: ECAM at [mem 0x30000000-0x3fffffff] for [bus 00-ff]
[    0.212787] pci-host-generic 30000000.pci: PCI host bridge to bus 0000:00
[    0.213018] pci_bus 0000:00: root bus resource [bus 00-ff]
[    0.213359] pci_bus 0000:00: root bus resource [io  0x0000-0xffff]
[    0.213433] pci_bus 0000:00: root bus resource [mem 0x40000000-0x7fffffff]
[    0.214608] pci 0000:00:00.0: [1b36:0008] type 00 class 0x060000
[    0.362260] Serial: 8250/16550 driver, 4 ports, IRQ sharing disabled
[    0.369819] printk: console [ttyS0] disabled
[    0.371338] 10000000.uart: ttyS0 at MMIO 0x10000000 (irq = 1, base_baud = 230400) is a 16550A
[    0.408867] printk: console [ttyS0] enabled
[    0.411711] [drm] radeon kernel modesetting enabled.
[    0.423222] brd: module loaded
[    0.441914] loop: module loaded
[    0.447441] virtio_blk virtio0: [vda] 122880 512-byte logical blocks (62.9 MB/60.0 MiB)
[    0.460409] libphy: Fixed MDIO Bus: probed
[    0.462433] e1000e: Intel(R) PRO/1000 Network Driver
[    0.462835] e1000e: Copyright(c) 1999 - 2015 Intel Corporation.
[    0.463551] ehci_hcd: USB 2.0 'Enhanced' Host Controller (EHCI) Driver
[    0.463982] ehci-pci: EHCI PCI platform driver
[    0.464445] ehci-platform: EHCI generic platform driver
[    0.465787] ohci_hcd: USB 1.1 'Open' Host Controller (OHCI) Driver
[    0.466245] ohci-pci: OHCI PCI platform driver
[    0.466714] ohci-platform: OHCI generic platform driver
[    0.468118] usbcore: registered new interface driver uas
[    0.468631] usbcore: registered new interface driver usb-storage
[    0.470043] mousedev: PS/2 mouse device common for all mice
[    0.471913] usbcore: registered new interface driver usbhid
[    0.472255] usbhid: USB HID core driver
[    0.474223] NET: Registered protocol family 10
[    0.480805] Segment Routing with IPv6
[    0.481760] sit: IPv6, IPv4 and MPLS over IPv4 tunneling driver
[    0.484610] NET: Registered protocol family 17
[    0.486310] 9pnet: Installing 9P2000 support
[    0.486832] Key type dns_resolver registered
[    0.487716] debug_vm_pgtable: [debug_vm_pgtable         ]: Validating architecture page table helpers
[    0.516442] EXT4-fs (vda): INFO: recovery required on readonly filesystem
[    0.516904] EXT4-fs (vda): write access will be enabled during recovery
[    0.545422] EXT4-fs (vda): recovery complete
[    0.551029] EXT4-fs (vda): mounted filesystem with ordered data mode. Opts: (null). Quota mode: disabled.
[    0.551830] VFS: Mounted root (ext4 filesystem) readonly on device 254:0.
[    0.554421] devtmpfs: mounted
[    0.581300] Freeing unused kernel memory: 2144K
[    0.582067] Run /sbin/init as init process
[    0.730976] EXT4-fs (vda): re-mounted. Opts: (null). Quota mode: disabled.
Starting syslogd: OK
Starting klogd: OK
Running sysctl: OK
Initializing random number generator: OK
Saving random seed: [    1.595093] random: dd: uninitialized urandom read (512 bytes read)
OK
Starting network: OK
Starting dhcpcd...
no valid interfaces found
no interfaces have a carrier
forked to background, child pid 92
[    5.011240] random: crng init done
Starting sshd: OK

Welcome to Buildroot
buildroot login:
